// Jest Snapshot v1, https://goo.gl/fbAQLP

exports[`the welcome checkin step should match the snapshot 1`] = `"<div><div class=\\"MuiBox-root MuiBox-root-34\\"><h1 class=\\"MuiTypography-root MuiTypography-h4 MuiTypography-colorTextSecondary MuiTypography-alignLeft\\"> Hi,  </h1><p class=\\"MuiTypography-root MuiTypography-body1 MuiTypography-colorTextSecondary MuiTypography-alignLeft\\">Please fill your informations</p></div><form action=\\"#\\"><div class=\\"MuiBox-root MuiBox-root-35\\"><div class=\\"MuiFormControl-root MuiTextField-root MuiFormControl-fullWidth\\"><label class=\\"MuiFormLabel-root MuiInputLabel-root MuiInputLabel-formControl MuiInputLabel-animated MuiInputLabel-outlined\\" data-shrink=\\"false\\" for=\\"firstName\\" id=\\"firstName-label\\">first name</label><div class=\\"MuiInputBase-root MuiOutlinedInput-root MuiInputBase-fullWidth MuiInputBase-formControl\\"><input aria-invalid=\\"false\\" id=\\"firstName\\" name=\\"firstName\\" type=\\"text\\" class=\\"MuiInputBase-input MuiOutlinedInput-input\\" value=\\"\\"><fieldset aria-hidden=\\"true\\" class=\\"PrivateNotchedOutline-root-4 MuiOutlinedInput-notchedOutline\\"><legend class=\\"PrivateNotchedOutline-legendLabelled-6\\"><span>first name</span></legend></fieldset></div></div></div><div class=\\"MuiBox-root MuiBox-root-36\\"><div class=\\"MuiFormControl-root MuiTextField-root MuiFormControl-fullWidth\\"><label class=\\"MuiFormLabel-root MuiInputLabel-root MuiInputLabel-formControl MuiInputLabel-animated MuiInputLabel-outlined Mui-disabled Mui-disabled\\" data-shrink=\\"false\\" for=\\"lastName\\" id=\\"lastName-label\\">Last Name</label><div class=\\"MuiInputBase-root MuiOutlinedInput-root Mui-disabled Mui-disabled MuiInputBase-fullWidth MuiInputBase-formControl\\"><input aria-invalid=\\"false\\" disabled=\\"\\" id=\\"lastName\\" name=\\"lastName\\" type=\\"text\\" class=\\"MuiInputBase-input MuiOutlinedInput-input Mui-disabled Mui-disabled\\" value=\\"\\"><fieldset aria-hidden=\\"true\\" class=\\"PrivateNotchedOutline-root-4 MuiOutlinedInput-notchedOutline\\"><legend class=\\"PrivateNotchedOutline-legendLabelled-6\\"><span>Last Name</span></legend></fieldset></div></div></div><div class=\\"MuiBox-root MuiBox-root-37\\"><div class=\\"MuiFormControl-root MuiFormControl-fullWidth\\"><label class=\\"MuiFormLabel-root MuiInputLabel-root MuiInputLabel-formControl MuiInputLabel-animated MuiInputLabel-outlined\\" data-shrink=\\"false\\" id=\\"nationality\\">Nationality</label><div class=\\"MuiInputBase-root MuiOutlinedInput-root MuiInputBase-formControl\\"><div class=\\"MuiSelect-root MuiSelect-select MuiSelect-selectMenu MuiSelect-outlined MuiInputBase-input MuiOutlinedInput-input\\" tabindex=\\"0\\" role=\\"button\\" aria-haspopup=\\"listbox\\" aria-labelledby=\\"nationality nationality\\" id=\\"nationality\\"><span>â€‹</span></div><input name=\\"nationality\\" aria-hidden=\\"true\\" tabindex=\\"-1\\" class=\\"MuiSelect-nativeInput\\" value=\\"\\"><svg class=\\"MuiSvgIcon-root MuiSelect-icon MuiSelect-iconOutlined\\" focusable=\\"false\\" viewBox=\\"0 0 24 24\\" aria-hidden=\\"true\\"><path d=\\"M7 10l5 5 5-5z\\"></path></svg><fieldset aria-hidden=\\"true\\" class=\\"PrivateNotchedOutline-root-4 MuiOutlinedInput-notchedOutline\\"><legend class=\\"PrivateNotchedOutline-legendLabelled-6\\"><span>Nationality</span></legend></fieldset></div></div></div><div class=\\"MuiBox-root MuiBox-root-38\\"><div class=\\"MuiFormControl-root MuiTextField-root MuiFormControl-fullWidth\\"><label class=\\"MuiFormLabel-root MuiInputLabel-root MuiInputLabel-formControl MuiInputLabel-animated MuiInputLabel-outlined\\" data-shrink=\\"false\\" for=\\"email\\" id=\\"email-label\\">email</label><div class=\\"MuiInputBase-root MuiOutlinedInput-root MuiInputBase-fullWidth MuiInputBase-formControl\\"><input aria-invalid=\\"false\\" id=\\"email\\" name=\\"email\\" type=\\"text\\" class=\\"MuiInputBase-input MuiOutlinedInput-input\\" value=\\"\\"><fieldset aria-hidden=\\"true\\" class=\\"PrivateNotchedOutline-root-4 MuiOutlinedInput-notchedOutline\\"><legend class=\\"PrivateNotchedOutline-legendLabelled-6\\"><span>email</span></legend></fieldset></div></div></div><div class=\\"MuiBox-root MuiBox-root-39\\"><div class=\\"MuiFormControl-root MuiTextField-root MuiFormControl-fullWidth\\"><label class=\\"MuiFormLabel-root MuiInputLabel-root MuiInputLabel-formControl MuiInputLabel-animated MuiInputLabel-outlined\\" data-shrink=\\"false\\" for=\\"phoneNumber\\" id=\\"phoneNumber-label\\">Phone Number</label><div class=\\"MuiInputBase-root MuiOutlinedInput-root MuiInputBase-fullWidth MuiInputBase-formControl\\"><input aria-invalid=\\"false\\" id=\\"phoneNumber\\" name=\\"phoneNumber\\" type=\\"text\\" class=\\"MuiInputBase-input MuiOutlinedInput-input\\" value=\\"\\"><fieldset aria-hidden=\\"true\\" class=\\"PrivateNotchedOutline-root-4 MuiOutlinedInput-notchedOutline\\"><legend class=\\"PrivateNotchedOutline-legendLabelled-6\\"><span>Phone Number</span></legend></fieldset></div></div></div><div class=\\"MuiBox-root MuiBox-root-40\\"><div class=\\"MuiFormControl-root MuiTextField-root MuiFormControl-fullWidth\\"><label class=\\"MuiFormLabel-root MuiInputLabel-root MuiInputLabel-formControl MuiInputLabel-animated MuiInputLabel-outlined\\" data-shrink=\\"false\\" for=\\"passportNumber\\" id=\\"passportNumber-label\\">Passport Number</label><div class=\\"MuiInputBase-root MuiOutlinedInput-root MuiInputBase-fullWidth MuiInputBase-formControl\\"><input aria-invalid=\\"false\\" id=\\"passportNumber\\" name=\\"passportNumber\\" type=\\"text\\" class=\\"MuiInputBase-input MuiOutlinedInput-input\\" value=\\"\\"><fieldset aria-hidden=\\"true\\" class=\\"PrivateNotchedOutline-root-4 MuiOutlinedInput-notchedOutline\\"><legend class=\\"PrivateNotchedOutline-legendLabelled-6\\"><span>Passport Number</span></legend></fieldset></div></div></div><div class=\\"MuiBox-root MuiBox-root-41\\"><label class=\\"MuiFormControlLabel-root\\"><span class=\\"MuiButtonBase-root MuiIconButton-root PrivateSwitchBase-root-14 MuiCheckbox-root MuiCheckbox-colorPrimary MuiIconButton-colorPrimary\\" aria-disabled=\\"false\\"><span class=\\"MuiIconButton-label\\"><input class=\\"PrivateSwitchBase-input-17\\" name=\\"terms\\" type=\\"checkbox\\" data-indeterminate=\\"false\\" value=\\"\\"><svg class=\\"MuiSvgIcon-root\\" focusable=\\"false\\" viewBox=\\"0 0 24 24\\" aria-hidden=\\"true\\"><path d=\\"M19 5v14H5V5h14m0-2H5c-1.1 0-2 .9-2 2v14c0 1.1.9 2 2 2h14c1.1 0 2-.9 2-2V5c0-1.1-.9-2-2-2z\\"></path></svg></span><span class=\\"MuiTouchRipple-root\\"></span></span><span class=\\"MuiTypography-root MuiFormControlLabel-label MuiTypography-body1\\">Terms &amp; conditions</span></label></div><button class=\\"MuiButtonBase-root MuiButton-root MuiButton-contained MuiButton-containedPrimary\\" tabindex=\\"0\\" type=\\"submit\\"><span class=\\"MuiButton-label\\">Continue</span><span class=\\"MuiTouchRipple-root\\"></span></button></form></div>"`;
