// Jest Snapshot v1, https://goo.gl/fbAQLP

exports[`the welcome checkin step should match the snapshot 1`] = `"<div><div class=\\"MuiBox-root MuiBox-root-12\\"><h1 class=\\"MuiTypography-root MuiTypography-h4 MuiTypography-colorTextSecondary MuiTypography-alignLeft\\"> Welcome to your web check-in</h1><form action=\\"#\\"><div class=\\"MuiBox-root MuiBox-root-13\\"><div class=\\"MuiFormControl-root MuiTextField-root MuiFormControl-fullWidth\\"><label class=\\"MuiFormLabel-root MuiInputLabel-root MuiInputLabel-formControl MuiInputLabel-animated MuiInputLabel-outlined\\" data-shrink=\\"false\\" for=\\"flightNumber\\" id=\\"flightNumber-label\\">Flight Number</label><div class=\\"MuiInputBase-root MuiOutlinedInput-root MuiInputBase-fullWidth MuiInputBase-formControl\\"><input aria-invalid=\\"false\\" id=\\"flightNumber\\" type=\\"text\\" class=\\"MuiInputBase-input MuiOutlinedInput-input\\" value=\\"\\"><fieldset aria-hidden=\\"true\\" class=\\"PrivateNotchedOutline-root-4 MuiOutlinedInput-notchedOutline\\"><legend class=\\"PrivateNotchedOutline-legendLabelled-6\\"><span>Flight Number</span></legend></fieldset></div></div></div><div class=\\"MuiBox-root MuiBox-root-14\\"><div class=\\"MuiFormControl-root MuiTextField-root MuiFormControl-fullWidth\\"><label class=\\"MuiFormLabel-root MuiInputLabel-root MuiInputLabel-formControl MuiInputLabel-animated MuiInputLabel-outlined\\" data-shrink=\\"false\\" for=\\"lastName\\" id=\\"lastName-label\\">Last Name</label><div class=\\"MuiInputBase-root MuiOutlinedInput-root MuiInputBase-fullWidth MuiInputBase-formControl\\"><input aria-invalid=\\"false\\" id=\\"lastName\\" type=\\"text\\" class=\\"MuiInputBase-input MuiOutlinedInput-input\\" value=\\"\\"><fieldset aria-hidden=\\"true\\" class=\\"PrivateNotchedOutline-root-4 MuiOutlinedInput-notchedOutline\\"><legend class=\\"PrivateNotchedOutline-legendLabelled-6\\"><span>Last Name</span></legend></fieldset></div></div></div><br><br><button class=\\"MuiButtonBase-root MuiButton-root MuiButton-contained MuiButton-containedPrimary\\" tabindex=\\"0\\" type=\\"submit\\"><span class=\\"MuiButton-label\\">Submit</span><span class=\\"MuiTouchRipple-root\\"></span></button></form></div></div>"`;
